// Jest Snapshot v1, https://goo.gl/fbAQLP

exports[`Expense dashboard snapshot 1`] = `
<div>
  <Connect(ExpenseListFilters) />
  <Connect(ExpenseList) />
</div>
`;
