// Jest Snapshot v1, https://goo.gl/fbAQLP

exports[`adding a single expense item 1`] = `
<div>
  <Link
    to="/edit/2"
  >
    <h3>
      rent
    </h3>
  </Link>
  <p>
    $1,095.00
    -
    December 27th, 1969
  </p>
</div>
`;
