// Jest Snapshot v1, https://goo.gl/fbAQLP

exports[`Not found snapshot page 1`] = `
<p>
  404! - 
  <Link
    to="/"
  >
    Go home
  </Link>
</p>
`;
